// File generated by gen. DO NOT EDIT.
// Generator plugin github.com/cv21/gen-generator-mock v1.0.0.
package bla

import (
	mock "github.com/stretchr/testify/mock"
	"io"
)

// SomeServiceMock is an autogenerated mock type for the SomeService interface.
type SomeServiceMock struct {
	mock.Mock
}

// Yay provides a mock function for method Yay of interface SomeService.
func (_m *SomeServiceMock) Yay(x io.Writer) io.Reader {
	ret := _m.Called(x)

	var r0 io.Reader
	if rf, ok := ret.Get(0).(func(io.Writer) io.Reader); ok {
		r0 = rf(x)
	} else {
		if ret.Get(0) != nil {
			r0 = ret.Get(0).(io.Reader)
		}
	}

	return r0
}
