// File generated by gen. DO NOT EDIT.
// Generator plugin github.com/cv21/gen-generator-mock v1.0.0.
package bla

import (
	mock "github.com/stretchr/testify/mock"
	"io"
)

// MockBlaBlaSomeService is an autogenerated mock type for the SomeService interface.
type MockBlaBlaSomeService struct {
	mock.Mock
}

// SomeSliceGetter provides a mock function for method SomeSliceGetter of interface SomeService.
func (_m *MockBlaBlaSomeService) SomeSliceGetter() []io.Reader {
	ret := _m.Called()

	var r0 []io.Reader
	if rf, ok := ret.Get(0).(func() []io.Reader); ok {
		r0 = rf()
	} else {
		if ret.Get(0) != nil {
			r0 = ret.Get(0).([]io.Reader)
		}
	}

	return r0
}
