// File generated by gen. DO NOT EDIT.
// Generator plugin github.com/cv21/gen-interface-mock v1.0.0.
package bla

import mock "github.com/stretchr/testify/mock"

// SomeServiceMock is an autogenerated mock type for the SomeService interface.
type SomeServiceMock struct {
	mock.Mock
}

// MapMethod provides a mock function for method MapMethod of interface SomeService.
func (_m *SomeServiceMock) MapMethod(x) int {
	ret := _m.Called(x)

	var r0 int
	if rf, ok := ret.Get(0).(func() int); ok {
		r0 = rf(x)
	} else {
		r0 = ret.Get(0).(int)
	}

	return r0
}
